<button type="button" class="p-4">
        <svg class="h-5 w-5 text-gray-500"></svg>
    </button>