<div class="w-10 h-10 rounded-full bg-blue-500"></div>